#! emd.cs.Conversion.StructuralRenderer, emd.cs
(Document
  (Paragraph
    (Text "Paragraph")
    (Space)
    (Text "continues.")
  )
  (Paragraph
    (Text "Paragraph")
    (Space)
    (Text "continues.")
  )
  (Paragraph
    (Text "Paragraph")
  )
  (Paragraph
    (Text "Ends.")
  )
  (Paragraph
    (Text "Paragraph")
  )
  (Paragraph
    (Text "Ends.")
  )
)
